========================================================================================================================
  PD-PROXY — ОТЧЁТ ИНТЕГРАЦИОННЫХ ТЕСТОВ
  Сервер: http://localhost:8080
  Дата:   2026-09-22 23:46:06
  Общее время: 10.4 сек
========================================================================================================================

┌─────────┬──────────────────────────────┬────────┬────────┬────────┬────────┬────────────┐
│ Группа  │ Описание                     │ Всего  │   ✅   │   ❌   │   ⚠️   │ Avg мс     │
├─────────┼──────────────────────────────┼────────┼────────┼────────┼────────┼────────────┤
│    A    │ Прямое обнаружение ПДн       │    315 │    309 │      0 │      6 │      8.1 мс│
│    B    │ Граничные / edge-case        │    100 │     98 │      0 │      2 │     49.3 мс│
│    C    │ Анти-FP (негативные)         │    100 │     85 │      0 │     15 │      4.5 мс│
│    D    │ Комбинированные ПДн          │    120 │    120 │      0 │      0 │      5.7 мс│
│    E    │ Идемпотентность              │     50 │     50 │      0 │      0 │      0.6 мс│
├─────────┼──────────────────────────────┼────────┼────────┼────────┼────────┼────────────┤
│  ИТОГО  │                              │    685 │    662 │      0 │     23 │            │
└─────────┴──────────────────────────────┴────────┴────────┴────────┴────────┴────────────┘
  ⚠️  Known limitations (известные ограничения regex-режима): 23

┌──────────────────────────────────────────────────────────────┐
│              НАГРУЗОЧНЫЙ ТЕСТ (группа F)                    │
├──────────────────────────────┬───────────────────────────────┤
│ Длительность, сек            │                            10 │
│ Параллельных соединений      │                           100 │
│ Всего запросов               │                         76692 │
│ Ошибок                       │                           309 │
│ RPS                          │                        7669.2 │
│ Средняя задержка, мс         │                         13.02 │
│ P50, мс                      │                         10.63 │
│ P95, мс                      │                         31.14 │
│ P99, мс                      │                          36.5 │
│ Макс. задержка, мс           │                         82.45 │
└──────────────────────────────┴───────────────────────────────┘

✅  ВСЕ ТЕСТЫ ПРОЙДЕНЫ УСПЕШНО!

KNOWN LIMITATIONS — известные ограничения regex-режима (23):
────────────────────────────────────────────────────────────────────────────────────────────────────────────────────────
Группа   Тег                    Ошибки                                             Payload (превью)                        
────────────────────────────────────────────────────────────────────────────────────────────────────────────────────────
A        snils-03               не найдены категории: {'snils'}; pd_found=0, ож…   12345678900                             
A        passport-04            не найдены категории: {'passport'}; pd_found=0,…   4510123456                              
A        bdate-01               не найдены категории: {'birth_date'}; pd_found=…   01.01.1990                              
A        bdate-07               не найдены категории: {'birth_date'}; pd_found=…   15/06/1992                              
A        bdate-13               не найдены категории: {'birth_date'}; pd_found=…   28.02.2000                              
A        mil-10                 не найдены категории: {'military_id'}; pd_found…   серия АК номер 0123456                  
B        b-code-01              FP: pd_found=1, категории=['inn']                  const x = {"key": 123456789012, "val"…  
B        b-typo-01              FP: pd_found=1, категории=['fio']                  Ивнаов Иавн Ивановчи                    
C        c-company-08           FP: pd_found=1, категории=['fio']                  ФГУП «Почта России» доставляет посылки  
C        c-fiction-04           FP: pd_found=1, категории=['fio']                  Наташа Ростова танцевала на балу        
C        c-fiction-10           FP: pd_found=1, категории=['fio']                  Шерлок Холмс расследовал преступления   
C        c-topo-01              FP: pd_found=1, категории=['address']              улица Пушкина пересекает проспект Лен…  
C        c-topo-03              FP: pd_found=1, категории=['address']              набережная Грибоедова                   
C        c-topo-04              FP: pd_found=1, категории=['address']              площадь Гагарина расположена в центре   
C        c-topo-05              FP: pd_found=1, категории=['address']              бульвар Толстого — тихая улица          
C        c-topo-06              FP: pd_found=1, категории=['address']              Ломоносовский проспект                  
C        c-topo-08              FP: pd_found=1, категории=['fio']                  мост Александра Невского                
C        c-topo-09              FP: pd_found=1, категории=['address']              Чеховский переулок                      
C        c-topo-10              FP: pd_found=1, категории=['address']              Тургеневская площадь                    
C        c-num-01               FP: pd_found=1, категории=['inn']                  UUID: 550e8400-e29b-41d4-a716-4466554…  
C        c-extra-04             FP: pd_found=1, категории=['fio']                  Матч Спартак — Динамо, счёт 2:1         
C        c-extra-10             FP: pd_found=1, категории=['address']              Площадь помещения: 123.45 м², этаж 7 …  
C        c-extra-08             FP: pd_found=1, категории=['subdivision_code']     Код ошибки: ERR-123-456-789             
────────────────────────────────────────────────────────────────────────────────────────────────────────────────────────

========================================================================================================================